// Jest Snapshot v1, https://goo.gl/fbAQLP

exports[`assertAccessible API should throw an error with a11y issues found for dom with a11y issues 1`] = `
"4 Accessibility issues found
 * (document-title) Documents must have <title> element to aid in navigation: html
	- Help URL: https://dequeuniversity.com/rules/axe/4.2/document-title

* (link-name) Links must have discernible text: a
	- Help URL: https://dequeuniversity.com/rules/axe/4.2/link-name

* (landmark-one-main) Document should have one main landmark: html
	- Help URL: https://dequeuniversity.com/rules/axe/4.2/landmark-one-main

* (page-has-heading-one) Page should contain a level-one heading: html
	- Help URL: https://dequeuniversity.com/rules/axe/4.2/page-has-heading-one"
`;

exports[`assertAccessible API should throw error with HTML element with a11y issues 1`] = `
"1 Accessibility issues found
 * (link-name) Links must have discernible text: a
	- Help URL: https://dequeuniversity.com/rules/axe/4.2/link-name"
`;

exports[`assertAccessible API should use default document, ruleset, formatter when called with no args - expecting 1 assertion 1`] = `
"5 Accessibility issues found
 * (bypass) Page must have means to bypass repeated blocks: html
	- Help URL: https://dequeuniversity.com/rules/axe/4.1/bypass

* (document-title) Documents must have <title> element to aid in navigation: html
	- Help URL: https://dequeuniversity.com/rules/axe/4.1/document-title

* (link-name) Links must have discernible text: a
	- Help URL: https://dequeuniversity.com/rules/axe/4.1/link-name

* (landmark-one-main) Document must have one main landmark: html
	- Help URL: https://dequeuniversity.com/rules/axe/4.1/landmark-one-main

* (page-has-heading-one) Page must contain a level-one heading: html
	- Help URL: https://dequeuniversity.com/rules/axe/4.1/page-has-heading-one"
`;
