// Jest Snapshot v1, https://goo.gl/fbAQLP

exports[`automatic checks call should raise a11y issues for DOM with a11y issues 1`] = `
"2 accessibility issues found
 * (link-name) Links must have discernible text: #dom-with-issues > a
	- Help URL: https://dequeuniversity.com/rules/axe/4.1/link-name

* (link-name) Links must have discernible text: #second-link
	- Help URL: https://dequeuniversity.com/rules/axe/4.1/link-name"
`;
